../Core/Src/main.c:89:6:HAL_TIM_IC_CaptureCallback	16	static
../Core/Src/main.c:105:5:main	56	static
../Core/Src/main.c:243:6:SystemClock_Config	88	static
../Core/Src/main.c:289:13:MX_ADC1_Init	24	static
../Core/Src/main.c:336:13:MX_I2C1_Init	8	static
../Core/Src/main.c:370:13:MX_TIM2_Init	48	static
../Core/Src/main.c:423:13:MX_TIM3_Init	32	static
../Core/Src/main.c:471:13:MX_USART1_UART_Init	8	static
../Core/Src/main.c:504:13:MX_GPIO_Init	16	static
../Core/Src/main.c:518:7:calculate_pid	40	static
../Core/Src/main.c:538:6:Error_Handler	4	static,ignoring_inline_asm
